// Jest Snapshot v1, https://goo.gl/fbAQLP

exports[`Categories component should match snapshot 1`] = `
<select
  className="form-control mb-2 mr-sm-2"
  name="category"
>
  <option
    value=""
  >
    Business Category
  </option>
  <option
    value="Consulting"
  >
    Consulting
  </option>
  <option
    value="Telecommunications"
  >
    Telecommunications
  </option>
  <option
    value="Food and Beverages"
  >
    Food and Beverages
  </option>
  <option
    value="Computing and Technology"
  >
    Computing and Technology
  </option>
  <option
    value="Hotels and Accommodation"
  >
    Hotels and Accommodation
  </option>
  <option
    value="Arts and Crafts"
  >
    Arts and Crafts
  </option>
</select>
`;
